\BOOKMARK [1][-]{Doc-Start}{\376\377\004\045\004\103\004\100\004\060\004\060\004\075\004\063\004\103\004\071}{}% 1
\BOOKMARK [1][-]{Doc-Start}{\376\377\004\042\004\076\004\062\004\107\004\070\004\073\004\101\004\076\004\075\000\040\004\257\004\063\004\070\004\071\004\075\000\040\004\066\004\060\004\063\004\101\004\060\004\060\004\073\004\102}{}% 2
\BOOKMARK [1][-]{section*.1}{\376\377\004\020\004\063\004\103\004\103\004\073\004\063\004\060}{}% 3
\BOOKMARK [1][-]{section.1}{\376\377\004\043\004\064\004\070\004\100\004\102\004\063\004\060\004\073}{}% 4
\BOOKMARK [2][-]{subsection.1.1}{\376\377\004\041\004\103\004\064\004\060\004\073\004\063\004\060\004\060\004\075\004\113\000\040\004\257\004\075\004\064\004\115\004\101\004\073\004\115\004\073}{section.1}% 5
\BOOKMARK [2][-]{subsection.1.2}{\376\377\004\041\004\103\004\064\004\060\004\073\004\063\004\060\004\060\004\075\004\113\000\040\004\067\004\076\004\100\004\070\004\073\004\063\004\076}{section.1}% 6
\BOOKMARK [2][-]{subsection.1.3}{\376\377\004\041\004\103\004\064\004\060\004\073\004\063\004\060\004\060\004\075\004\113\000\040\004\067\004\076\004\100\004\070\004\073\004\102\004\103\004\103\004\064}{section.1}% 7
\BOOKMARK [2][-]{subsection.1.4}{\376\377\004\041\004\103\004\064\004\060\004\073\004\063\004\060\004\060\004\075\004\113\000\040\004\060\004\107\000\040\004\105\004\076\004\073\004\061\004\076\004\063\004\064\004\076\004\073}{section.1}% 8
\BOOKMARK [3][-]{subsubsection.1.4.1}{\376\377\004\042\004\041\004\020\000-\004\070\004\071\004\075\000\040\004\102\004\065\004\105\004\075\004\076\004\073\004\076\004\063\004\070\004\071\004\075\000\040\004\060\004\107\000\040\004\105\004\076\004\073\004\061\004\076\004\063\004\064\004\076\004\073}{subsection.1.4}% 9
\BOOKMARK [3][-]{subsubsection.1.4.2}{\376\377\004\042\004\041\004\020\000-\004\070\004\071\004\075\000\040\004\105\004\115\004\100\004\115\004\063\004\073\004\115\004\115\004\075\004\070\004\071\000\040\004\060\004\107\000\040\004\105\004\076\004\073\004\061\004\076\004\063\004\064\004\076\004\073}{subsection.1.4}% 10
\BOOKMARK [2][-]{subsection.1.5}{\376\377\004\041\004\103\004\064\004\060\004\073\004\063\004\060\004\060\004\075\004\113\000\040\004\105\004\060\004\074\004\100\004\060\004\105\000\040\004\105\004\257\004\100\004\115\004\115\000\040\004\061\004\060\000\040\004\105\004\117\004\067\004\063\004\060\004\060\004\100\004\073\004\060\004\073\004\102}{section.1}% 11
\BOOKMARK [2][-]{subsection.1.6}{\376\377\004\042\004\351\004\063\004\101\004\351\004\073\004\102\004\070\004\071\004\075\000\040\004\101\004\103\004\064\004\060\004\073\004\063\004\060\004\060\004\075\004\113\000\040\004\060\004\066\004\073\004\113\004\075\000\040\004\061\004\257\004\102\004\115\004\106}{section.1}% 12
\BOOKMARK [1][-]{section.2}{\376\377\004\036\004\075\004\076\004\073\004\113\004\075\000\040\004\061\004\076\004\073\004\076\004\075\000\040\004\105\004\060\004\100\004\114\004\106\004\103\004\103\004\073\004\101\004\060\004\075\000\040\004\101\004\103\004\064\004\060\004\073\004\063\004\060\004\060}{}% 13
\BOOKMARK [2][-]{subsection.2.1}{\376\377\004\034\004\076\004\075\004\063\004\076\004\073\000\040\004\061\004\070\004\107\004\063\004\070\004\071\004\075\000\040\004\102\004\257\004\257\004\105\000\040\004\061\004\060\000\040\004\076\004\075\004\106\004\073\004\076\004\063}{section.2}% 14
\BOOKMARK [2][-]{subsection.2.2}{\376\377\004\034\004\115\004\064\004\073\004\115\004\063\000\040\004\115\004\067\004\115\004\074\004\110\004\070\004\105\000\040\004\102\004\060\004\075\004\070\004\075\000\040\004\074\004\115\004\064\004\115\004\105\004\257\004\071\004\075\000\040\004\060\004\100\004\063\004\103\004\103\004\064\000:\000\040\000S\000p\000a\000c\000e\000d\000\040\000R\000e\000p\000e\000t\000i\000t\000i\000o\000n\000\040\004\061\004\076\004\073\004\076\004\075\000\040\000F\000l\000a\000s\000h\000c\000a\000r\000d}{section.2}% 15
\BOOKMARK [2][-]{subsection.2.3}{\376\377\004\023\004\060\004\100\000\040\004\103\004\102\004\060\004\101\004\075\004\113\000\040\004\060\004\077\004\077\004\073\004\070\004\072\004\065\004\071\004\110\004\075\000\040\004\105\004\351\004\063\004\066\004\257\004\257\004\073\004\115\004\073\004\102\004\070\004\071\004\075\000\040\004\102\004\065\004\105\004\075\004\076\004\073\004\076\004\063\004\070\004\103\004\064}{section.2}% 16
\BOOKMARK [3][-]{subsubsection.2.3.1}{\376\377\000R\000e\000a\000c\000t\000\040\000N\000a\000t\000i\000v\000e\000\040\000-\000\040\000C\000r\000o\000s\000s\000-\000P\000l\000a\000t\000f\000o\000r\000m\000\040\004\104\004\100\004\065\004\071\004\074\004\062\004\076\004\100\004\072}{subsection.2.3}% 17
\BOOKMARK [3][-]{subsubsection.2.3.2}{\376\377\000F\000i\000r\000e\000b\000a\000s\000e\000\040\000-\000\040\000B\000a\000c\000k\000e\000n\000d\000-\000a\000s\000-\000a\000-\000S\000e\000r\000v\000i\000c\000e}{subsection.2.3}% 18
\BOOKMARK [2][-]{subsection.2.4}{\376\377\000T\000e\000n\000s\000o\000r\000F\000l\000o\000w\000.\000j\000s\000\040\004\061\004\060\000\040\000O\000C\000R\000\040\004\102\004\065\004\105\004\075\004\076\004\073\004\076\004\063\004\070}{section.2}% 19
\BOOKMARK [2][-]{subsection.2.5}{\376\377\004\030\004\066\004\070\004\073\000\040\004\102\004\351\004\101\004\102\004\115\004\071\000\040\004\060\004\077\004\077\004\073\004\070\004\072\004\065\004\071\004\110\004\075\004\103\004\103\004\064\004\113\004\075\000\040\004\105\004\060\004\100\004\114\004\106\004\103\004\103\004\073\004\101\004\060\004\075\000\040\004\101\004\103\004\064\004\060\004\073\004\063\004\060\004\060}{section.2}% 20
\BOOKMARK [3][-]{subsubsection.2.5.1}{\376\377\000E\000g\000\374\000\374\000\040\004\042\004\041\004\020\000\040\004\064\004\060\004\062\004\103\004\103\000\040\004\102\004\060\004\073\004\103\004\103\004\064}{subsection.2.5}% 21
\BOOKMARK [2][-]{subsection.2.6}{\376\377\004\021\004\257\004\073\004\063\004\070\004\071\004\075\000\040\004\064\004\257\004\063\004\075\004\115\004\073\004\102}{section.2}% 22
\BOOKMARK [1][-]{section.3}{\376\377\004\041\004\103\004\064\004\060\004\073\004\063\004\060\004\060\004\075\004\113\000\040\004\060\004\100\004\063\004\060\000\040\004\067\004\257\004\071}{}% 23
\BOOKMARK [2][-]{subsection.3.1}{\376\377\004\041\004\103\004\064\004\060\004\073\004\063\004\060\004\060\004\075\004\113\000\040\004\060\004\100\004\063\004\060\000\040\004\067\004\257\004\071\004\075\000\040\004\073\004\076\004\063\004\070\004\072\000\040\004\064\004\060\004\100\004\060\004\060\004\073\004\060\004\073}{section.3}% 24
\BOOKMARK [2][-]{subsection.3.2}{\376\377\004\041\004\070\004\101\004\102\004\065\004\074\004\070\004\071\004\075\000\040\004\060\004\100\004\105\004\070\004\102\004\065\004\072\004\102\004\103\004\100\000\040\004\061\004\076\004\073\004\076\004\075\000\040\004\067\004\076\004\105\004\070\004\076\004\074\004\066\004\070\004\071\004\075\000\040\004\110\004\070\004\071\004\064\004\073\004\257\004\257\004\064}{section.3}% 25
\BOOKMARK [3][-]{subsubsection.3.2.1}{\376\377\004\023\004\060\004\064\004\060\004\060\004\064\000\040\004\067\004\076\004\105\004\070\004\076\004\074\004\066\000\040\004\061\004\103\004\116\004\103\000\040\004\045\004\115\004\100\004\115\004\063\004\073\004\115\004\063\004\107\004\070\004\071\004\075\000\040\004\070\004\075\004\102\004\065\004\100\004\104\004\115\004\071\004\101\000\040\000\050\000E\000x\000t\000e\000r\000n\000a\000l\000\040\000D\000e\000s\000i\000g\000n\000\051}{subsection.3.2}% 26
\BOOKMARK [3][-]{subsubsection.3.2.2}{\376\377\004\024\004\076\004\102\004\076\004\076\004\064\000\040\004\067\004\076\004\105\004\070\004\076\004\074\004\066\000\040\004\061\004\103\004\116\004\103\000\040\004\041\004\070\004\101\004\102\004\065\004\074\004\070\004\071\004\075\000\040\004\060\004\100\004\105\004\070\004\102\004\065\004\072\004\102\004\103\004\100\000\040\000\050\000I\000n\000t\000e\000r\000n\000a\000l\000\040\000D\000e\000s\000i\000g\000n\000\051}{subsection.3.2}% 27
\BOOKMARK [3][-]{subsubsection.3.2.3}{\376\377\004\350\004\063\004\351\004\063\004\064\004\073\004\070\004\071\004\075\000\040\004\101\004\060\004\075\004\063\004\070\004\071\004\075\000\040\004\060\004\100\004\105\004\070\004\102\004\065\004\072\004\102\004\103\004\100\004\113\004\075\000\040\004\110\004\070\004\071\004\064\004\115\004\073}{subsection.3.2}% 28
\BOOKMARK [3][-]{subsubsection.3.2.4}{\376\377\004\037\004\100\004\076\004\063\004\100\004\060\004\074\004\074\000\040\004\105\004\060\004\075\004\063\004\060\004\074\004\066\004\070\004\071\004\075\000\040\004\102\004\065\004\105\004\075\004\076\004\073\004\076\004\063\004\070\004\071\004\075\000\040\004\101\004\102\004\065\004\072\000\040\000\050\000T\000e\000c\000h\000n\000o\000l\000o\000g\000y\000\040\000S\000t\000a\000c\000k\000\051}{subsection.3.2}% 29
\BOOKMARK [2][-]{subsection.3.3}{\376\377\004\041\004\070\004\101\004\102\004\065\004\074\004\070\004\071\004\075\000\040\004\110\004\060\004\060\004\100\004\064\004\073\004\060\004\063\004\060}{section.3}% 30
\BOOKMARK [3][-]{subsubsection.3.3.1}{\376\377\004\044\004\103\004\075\004\072\004\106\004\070\004\076\004\075\004\060\004\073\004\114\000\040\004\110\004\060\004\060\004\100\004\064\004\073\004\060\004\063\004\060}{subsection.3.3}% 31
\BOOKMARK [3][-]{subsubsection.3.3.2}{\376\377\004\044\004\103\004\075\004\072\004\106\004\070\004\076\004\075\004\060\004\073\004\114\000\040\004\061\004\103\004\101\000\040\004\110\004\060\004\060\004\100\004\064\004\073\004\060\004\063\004\060}{subsection.3.3}% 32
\BOOKMARK [2][-]{subsection.3.4}{\376\377\000U\000M\000L\000\040\004\064\004\070\004\060\004\063\004\100\004\060\004\074\004\074\004\103\004\103\004\064}{section.3}% 33
\BOOKMARK [3][-]{subsubsection.3.4.1}{\376\377\000U\000s\000e\000\040\000C\000a\000s\000e\000\040\004\064\004\070\004\060\004\063\004\100\004\060\004\074\004\074}{subsection.3.4}% 34
\BOOKMARK [3][-]{subsubsection.3.4.2}{\376\377\000S\000e\000q\000u\000e\000n\000c\000e\000\040\000D\000i\000a\000g\000r\000a\000m\000\040\000-\000\040\004\045\004\115\004\100\004\115\004\063\004\073\004\115\004\063\004\107\000\040\004\075\004\115\004\062\004\102\004\100\004\115\004\105\000\040\004\077\004\100\004\076\004\106\004\065\004\101\004\101}{subsection.3.4}% 35
\BOOKMARK [3][-]{subsubsection.3.4.3}{\376\377\000A\000c\000t\000i\000v\000i\000t\000y\000\040\000D\000i\000a\000g\000r\000a\000m\000\040\000-\000\040\000F\000l\000a\000s\000h\000c\000a\000r\000d\000\040\004\101\004\103\004\100\004\060\004\073\004\106\004\060\004\105\000\040\004\077\004\100\004\076\004\106\004\065\004\101\004\101}{subsection.3.4}% 36
\BOOKMARK [3][-]{subsubsection.3.4.4}{\376\377\000D\000a\000t\000a\000\040\000F\000l\000o\000w\000\040\000D\000i\000a\000g\000r\000a\000m\000\040\000\050\000D\000F\000D\000\051\000\040\000-\000\040\004\350\004\063\004\351\004\063\004\064\004\073\004\070\004\071\004\075\000\040\004\103\004\100\004\101\004\063\004\060\004\073\004\113\004\075\000\040\004\064\004\070\004\060\004\063\004\100\004\060\004\074\004\074}{subsection.3.4}% 37
\BOOKMARK [3][-]{subsubsection.3.4.5}{\376\377\000E\000n\000t\000i\000t\000y\000-\000R\000e\000l\000a\000t\000i\000o\000n\000s\000h\000i\000p\000\040\000D\000i\000a\000g\000r\000a\000m\000\040\000\050\000E\000R\000D\000\051\000\040\000-\000\040\004\350\004\063\004\351\004\063\004\064\004\073\004\070\004\071\004\075\000\040\004\061\004\257\004\102\004\106\004\070\004\071\004\075\000\040\004\064\004\070\004\060\004\063\004\100\004\060\004\074\004\074}{subsection.3.4}% 38
\BOOKMARK [2][-]{subsection.3.5}{\376\377\004\041\004\070\004\101\004\102\004\065\004\074\004\070\004\071\004\075\000\040\004\060\004\100\004\105\004\070\004\102\004\065\004\072\004\102\004\103\004\100}{section.3}% 39
\BOOKMARK [3][-]{subsubsection.3.5.1}{\376\377\004\041\004\070\004\101\004\102\004\065\004\074\004\070\004\071\004\075\000\040\004\065\004\100\004\351\004\075\004\105\004\070\004\071\000\040\004\060\004\100\004\105\004\070\004\102\004\065\004\072\004\102\004\103\004\100}{subsection.3.5}% 40
\BOOKMARK [3][-]{subsubsection.3.5.2}{\376\377\004\034\004\076\004\064\004\103\004\073\004\117\004\100\000\040\004\060\004\100\004\105\004\070\004\102\004\065\004\072\004\102\004\103\004\100}{subsection.3.5}% 41
\BOOKMARK [2][-]{subsection.3.6}{\376\377\004\350\004\063\004\351\004\063\004\064\004\073\004\070\004\071\004\075\000\040\004\101\004\060\004\075\004\063\004\070\004\071\004\075\000\040\004\067\004\076\004\105\004\070\004\076\004\074\004\066}{section.3}% 42
\BOOKMARK [3][-]{subsubsection.3.6.1}{\376\377\000F\000i\000r\000e\000s\000t\000o\000r\000e\000\040\004\351\004\063\004\351\004\063\004\064\004\073\004\070\004\071\004\075\000\040\004\061\004\257\004\102\004\115\004\106}{subsection.3.6}% 43
\BOOKMARK [2][-]{subsection.3.7}{\376\377\004\045\004\115\004\100\004\115\004\063\004\073\004\115\004\063\004\107\004\070\004\071\004\075\000\040\004\070\004\075\004\102\004\065\004\100\004\104\004\115\004\071\004\101\000\040\000\050\000U\000I\000/\000U\000X\000\051\000\040\004\074\004\076\004\064\004\065\004\073\004\114}{section.3}% 44
\BOOKMARK [2][-]{subsection.3.8}{\376\377\000S\000p\000a\000c\000e\000d\000\040\000R\000e\000p\000e\000t\000i\000t\000i\000o\000n\000\040\004\060\004\073\004\063\004\076\004\100\004\070\004\102\004\074}{section.3}% 45
\BOOKMARK [2][-]{subsection.3.9}{\376\377\004\021\004\257\004\073\004\063\004\070\004\071\004\075\000\040\004\064\004\257\004\063\004\075\004\115\004\073\004\102}{section.3}% 46
\BOOKMARK [1][-]{section.4}{\376\377\004\041\004\070\004\101\004\102\004\065\004\074\004\070\004\071\004\075\000\040\004\105\004\115\004\100\004\115\004\063\004\066\004\257\004\257\004\073\004\115\004\073\004\102}{}% 47
\BOOKMARK [2][-]{subsection.4.1}{\376\377\004\045\004\351\004\063\004\066\004\257\004\257\004\073\004\115\004\073\004\102\004\070\004\071\004\075\000\040\004\076\004\100\004\107\004\070\004\075\000\040\004\102\004\076\004\105\004\070\004\100\004\103\004\103\004\073\004\060\004\105}{section.4}% 48
\BOOKMARK [3][-]{subsubsection.4.1.1}{\376\377\004\050\004\060\004\060\004\100\004\064\004\073\004\060\004\063\004\060\004\102\004\060\004\071\000\040\004\077\004\100\004\076\004\063\004\100\004\060\004\074\004\074\000\040\004\105\004\060\004\075\004\063\004\060\004\074\004\066\004\103\004\103\004\064}{subsection.4.1}% 49
\BOOKMARK [3][-]{subsubsection.4.1.2}{\376\377\004\042\004\041\004\020\000\040\004\115\004\105\004\073\004\257\004\257\004\073\004\115\004\105}{subsection.4.1}% 50
\BOOKMARK [2][-]{subsection.4.2}{\376\377\000F\000i\000r\000e\000b\000a\000s\000e\000\040\004\102\004\076\004\105\004\070\004\100\004\063\004\076\004\076}{section.4}% 51
\BOOKMARK [3][-]{subsubsection.4.2.1}{\376\377\000F\000i\000r\000e\000b\000a\000s\000e\000\040\004\257\004\257\004\101\004\063\004\115\004\105}{subsection.4.2}% 52
\BOOKMARK [3][-]{subsubsection.4.2.2}{\376\377\000F\000i\000r\000e\000b\000a\000s\000e\000\040\000S\000D\000K\000\040\004\101\004\103\004\103\004\073\004\063\004\060\004\105}{subsection.4.2}% 53
\BOOKMARK [2][-]{subsection.4.3}{\376\377\004\041\004\070\004\101\004\102\004\065\004\074\004\070\004\071\004\075\000\040\004\106\004\351\004\074\000\040\004\074\004\076\004\064\004\103\004\073\004\070\004\103\004\064\004\113\004\075\000\040\004\077\004\100\004\076\004\063\004\100\004\060\004\074\004\074\000\040\004\105\004\060\004\075\004\063\004\060\004\074\004\066\004\070\004\071\004\075\000\040\004\105\004\115\004\100\004\115\004\063\004\066\004\257\004\257\004\073\004\115\004\073\004\102}{section.4}% 54
\BOOKMARK [3][-]{subsubsection.4.3.1}{\376\377\004\256\004\257\004\073\004\115\004\075\000\040\004\064\004\115\004\064\000\040\004\061\004\257\004\102\004\115\004\106\000\040\004\061\004\103\004\116\004\103\000\040\000F\000i\000r\000e\000b\000a\000s\000e\000\040\004\070\004\075\004\102\004\065\004\063\004\100\004\060\004\106\004\070}{subsection.4.3}% 55
\BOOKMARK [3][-]{subsubsection.4.3.2}{\376\377\000S\000p\000a\000c\000e\000d\000\040\000R\000e\000p\000e\000t\000i\000t\000i\000o\000n\000\040\004\101\004\070\004\101\004\102\004\065\004\074}{subsection.4.3}% 56
\BOOKMARK [3][-]{subsubsection.4.3.3}{\376\377\000S\000t\000r\000e\000a\000k\000\040\000t\000r\000a\000c\000k\000i\000n\000g}{subsection.4.3}% 57
\BOOKMARK [2][-]{subsection.4.4}{\376\377\000U\000I\000\040\004\072\004\076\004\074\004\077\004\076\004\075\004\065\004\075\004\102\004\103\004\103\004\064}{section.4}% 58
\BOOKMARK [3][-]{subsubsection.4.4.1}{\376\377\004\020\004\077\004\077\004\113\004\075\000\040\004\064\004\115\004\073\004\063\004\115\004\106\004\070\004\071\004\075\000\040\004\061\004\257\004\102\004\115\004\106\000\040\004\061\004\060\000\040\004\103\004\100\004\101\004\063\004\060\004\073}{subsection.4.4}% 59
\BOOKMARK [2][-]{subsection.4.5}{\376\377\000O\000C\000R\000\040\004\101\004\070\004\101\004\102\004\065\004\074\000\040\004\105\004\115\004\100\004\115\004\063\004\066\004\257\004\257\004\073\004\115\004\073\004\102}{section.4}% 60
\BOOKMARK [3][-]{subsubsection.4.5.1}{\376\377\000O\000C\000R\000\040\004\074\004\076\004\064\004\065\004\073\004\070\004\071\004\075\000\040\004\063\004\257\004\071\004\106\004\115\004\102\004\063\004\115\004\073}{subsection.4.5}% 61
\BOOKMARK [3][-]{subsubsection.4.5.2}{\376\377\000O\000C\000R\000\040\004\074\004\076\004\064\004\065\004\073\004\070\004\071\004\075\000\040\004\101\004\103\004\100\004\063\004\060\004\073\004\102\004\113\004\075\000\040\004\064\004\115\004\073\004\063\004\115\004\100\004\115\004\075\004\063\004\257\004\071}{subsection.4.5}% 62
\BOOKMARK [2][-]{subsection.4.6}{\376\377\004\042\004\103\004\100\004\110\004\070\004\073\004\102\000\040\004\061\004\060\000\040\004\102\004\065\004\101\004\102\004\073\004\115\004\073\004\102}{section.4}% 63
\BOOKMARK [2][-]{subsection.4.7}{\376\377\004\023\004\257\004\071\004\106\004\115\004\102\004\063\004\115\004\073\004\070\004\071\004\075\000\040\004\076\004\075\004\076\004\062\004\107\004\073\004\076\004\073}{section.4}% 64
\BOOKMARK [2][-]{subsection.4.8}{\376\377\004\021\004\257\004\073\004\063\004\070\004\071\004\075\000\040\004\064\004\257\004\063\004\075\004\115\004\073\004\102}{section.4}% 65
\BOOKMARK [1][-]{section.5}{\376\377\004\256\004\100\000\040\004\064\004\257\004\075\000,\000\040\004\105\004\115\004\073\004\115\004\073\004\106\004\257\004\257\004\073\004\115\004\063\000,\000\040\004\064\004\257\004\063\004\075\004\115\004\073\004\102}{}% 66
\BOOKMARK [2][-]{subsection.5.1}{\376\377\004\041\004\070\004\101\004\102\004\065\004\074\004\070\004\071\004\075\000\040\004\257\004\100\000\040\004\064\004\257\004\075}{section.5}% 67
\BOOKMARK [3][-]{subsubsection.5.1.1}{\376\377\004\045\004\351\004\063\004\066\004\257\004\257\004\073\004\115\004\073\004\102\004\070\004\071\004\075\000\040\004\257\004\100\000\040\004\064\004\257\004\075}{subsection.5.1}% 68
\BOOKMARK [3][-]{subsubsection.5.1.2}{\376\377\004\023\004\257\004\071\004\106\004\115\004\102\004\063\004\115\004\073\004\070\004\071\004\075\000\040\004\257\004\100\000\040\004\064\004\257\004\075}{subsection.5.1}% 69
\BOOKMARK [2][-]{subsection.5.2}{\376\377\004\045\004\115\004\100\004\115\004\063\004\073\004\115\004\063\004\107\004\070\004\071\004\075\000\040\004\102\004\103\004\100\004\110\004\070\004\073\004\102}{section.5}% 70
\BOOKMARK [3][-]{subsubsection.5.2.1}{\376\377\004\042\004\103\004\100\004\110\004\070\004\073\004\102\004\113\004\075\000\040\004\060\004\100\004\063\004\060\000\040\004\067\004\257\004\071}{subsection.5.2}% 71
\BOOKMARK [3][-]{subsubsection.5.2.2}{\376\377\004\256\004\100\000\040\004\064\004\257\004\075\004\063\004\070\004\071\004\075\000\040\004\060\004\075\004\060\004\073\004\070\004\067}{subsection.5.2}% 72
\BOOKMARK [2][-]{subsection.5.3}{\376\377\004\045\004\115\004\073\004\115\004\073\004\106\004\257\004\257\004\073\004\115\004\063\000:\000\040\004\061\004\103\004\101\004\060\004\064\000\040\004\060\004\077\004\077\004\073\004\070\004\072\004\065\004\071\004\110\004\075\004\102\004\060\004\071\000\040\004\105\004\060\004\100\004\114\004\106\004\103\004\103\004\073\004\060\004\073\004\102}{section.5}% 73
\BOOKMARK [2][-]{subsection.5.4}{\376\377\004\024\004\257\004\063\004\075\004\115\004\073\004\102}{section.5}% 74
\BOOKMARK [3][-]{subsubsection.5.4.1}{\376\377\004\041\004\103\004\064\004\060\004\073\004\063\004\060\004\060\004\075\004\113\000\040\004\067\004\076\004\100\004\070\004\073\004\063\004\076\000\040\004\061\004\070\004\065\004\073\004\115\004\073\004\102}{subsection.5.4}% 75
\BOOKMARK [3][-]{subsubsection.5.4.2}{\376\377\004\041\004\103\004\064\004\060\004\073\004\063\004\060\004\060\004\075\004\113\000\040\004\110\004\070\004\075\004\115\004\073\004\115\004\063\000\040\004\102\004\060\004\073}{subsection.5.4}% 76
\BOOKMARK [3][-]{subsubsection.5.4.3}{\376\377\004\045\004\117\004\067\004\063\004\060\004\060\004\100\004\073\004\060\004\073\004\102\000\040\004\061\004\060\000\040\004\061\004\115\004\100\004\105\004\110\004\115\004\115\004\073\004\257\004\257\004\064}{subsection.5.4}% 77
\BOOKMARK [3][-]{subsubsection.5.4.4}{\376\377\004\041\004\070\004\101\004\102\004\065\004\074\004\070\004\071\004\075\000\040\000d\000e\000p\000l\000o\000y\000m\000e\000n\000t\000\040\004\061\004\060\000\040\004\115\004\105\000\040\004\072\004\076\004\064}{subsection.5.4}% 78
\BOOKMARK [3][-]{subsubsection.5.4.5}{\376\377\004\046\004\060\004\060\004\110\004\064\004\113\004\075\000\040\004\105\004\351\004\063\004\066\004\257\004\257\004\073\004\115\004\073\004\102\004\070\004\071\004\075\000\040\004\101\004\060\004\075\004\060\004\073\004\103\004\103\004\064}{subsection.5.4}% 79
\BOOKMARK [3][-]{subsubsection.5.4.6}{\376\377\004\025\004\100\004\351\004\075\004\105\004\070\004\071\000\040\004\064\004\257\004\063\004\075\004\115\004\073\004\102}{subsection.5.4}% 80
\BOOKMARK [1][-]{section*.52}{\376\377\004\045\004\060\004\062\004\101\004\100\004\060\004\073\004\102\000\040\004\020\000:\000\040\004\035\004\115\004\074\004\115\004\073\004\102\000\040\004\074\004\060\004\102\004\065\004\100\004\070\004\060\004\073\004\103\004\103\004\064}{}% 81
